Multiprocessing start method: fork
DEBUG: Multiprocessing method: fork
DEBUG: Number of CPUs: 10
DEBUG: Creating Ampy object...
  obs_path: /Users/jkeohane/GRBs/VegasJetFit/jetfit/resources/grbs/221009A/221009Aclean.csv
  params_path: /Users/jkeohane/GRBs/VegasJetFit/Ansh_Run/parameters_powerlaw.toml
DEBUG: Ampy object created successfully!
DEBUG: Preparing MCMC run...
DEBUG: Sampler: parallel_tempered
DEBUG: Starting MCMC run...
  nwalkers: 100
  iterations: 10
  burn: 10
  workers: 8
Temperature 0: 100 valid walkers out of 100
[vegasafterglow][WARN] eps_e + eps_b >= 1 (1.4539129826961825) -> invalid (energy fractions)
check the data here
Temperature 1: 99 valid walkers out of 100
Temperature 2: 100 valid walkers out of 100
[vegasafterglow][WARN] eps_e + eps_b >= 1 (1.0030458260541786) -> invalid (energy fractions)
check the data here
Temperature 3: 99 valid walkers out of 100
[vegasafterglow][WARN] eps_e + eps_b >= 1 (1.3213695280663331) -> invalid (energy fractions)
check the data here
Temperature 4: 99 valid walkers out of 100
[vegasafterglow][WARN] eps_e + eps_b >= 1 (1.002603761757775) -> invalid (energy fractions)
check the data here
Temperature 5: 99 valid walkers out of 100
Temperature 6: 100 valid walkers out of 100
[vegasafterglow][WARN] eps_e + eps_b >= 1 (1.0322446351183459) -> invalid (energy fractions)
check the data here
[vegasafterglow][WARN] eps_e + eps_b >= 1 (1.2282293623645386) -> invalid (energy fractions)
check the data here
[vegasafterglow][WARN] eps_e + eps_b >= 1 (1.0252219790229857) -> invalid (energy fractions)
check the data here
Temperature 7: 97 valid walkers out of 100
[vegasafterglow][WARN] eps_e + eps_b >= 1 (1.114623243915434) -> invalid (energy fractions)
check the data here
Temperature 8: 99 valid walkers out of 100
[vegasafterglow][WARN] eps_e + eps_b >= 1 (1.3719647252236458) -> invalid (energy fractions)
check the data here
Temperature 9: 99 valid walkers out of 100
[vegasafterglow][WARN] eps_e + eps_b >= 1 (1.223570893330381) -> invalid (energy fractions)
check the data here
[vegasafterglow][WARN] eps_e + eps_b >= 1 (1.0985435605962153) -> invalid (energy fractions)
check the data here
[vegasafterglow][WARN] eps_e + eps_b >= 1 (1.1745559776408492) -> invalid (energy fractions)
check the data here
DEBUG: MCMC run completed successfully!
/Users/jkeohane/GRBs/VegasJetFit/jetfit/results/221009A_powerlaw_preflight
real 1212.54
user 4702.47
sys 16.74
