Multiprocessing start method: fork
DEBUG: Multiprocessing method: fork
DEBUG: Number of CPUs: 10
DEBUG: Creating Ampy object...
  obs_path: /Users/jkeohane/GRBs/VegasJetFit/jetfit/resources/grbs/221009A/221009Aclean.csv
  params_path: /Users/jkeohane/GRBs/VegasJetFit/logs/221009A.parameters_bubble.synced.toml
DEBUG: Ampy object created successfully!
DEBUG: Preparing MCMC run...
DEBUG: Sampler: parallel_tempered
DEBUG: Starting MCMC run...
  nwalkers: 100
  iterations: 1
  burn: 1
  workers: 8
  checkpoint: /Users/jkeohane/GRBs/VegasJetFit/jetfit/results/221009A_bubble_preflight/pt_resume_state.npz
  checkpoint interval: 100
[get_pool_context] Using multiprocessing.Pool (workers=8, start_method=fork)
[get_pool_context] Active worker processes: 8/8 (pids=[23572, 23575, 23576, 23577, 23578, 23579, 23580, 23582])
/Users/jkeohane/GRBs/VegasJetFit/jetfit/models/powerlawVegas.py:692: RuntimeWarning: invalid value encountered in divide
  return np.log10(flux_upper / flux_lower) / np.log10(upper / lower)
check the data here
check the data here
check the data here
check the data here
check the data here
check the data here
check the data here
check the data here
check the data here
check the data here
check the data here
check the data here
check the data here
check the data here
check the data here
check the data here
check the data here
check the data here
check the data here
check the data here
check the data here
check the data here
check the data here
check the data here
Temperature 0: 76 valid walkers out of 100
check the data here
check the data here
check the data here
check the data here
check the data here
check the data here
check the data here
check the data here
check the data here
check the data here
check the data here
check the data here
check the data here
check the data here
check the data here
check the data here
check the data here
check the data here
check the data here
check the data here
check the data here
check the data here
check the data here
Temperature 1: 77 valid walkers out of 100
check the data here
check the data here
check the data here
check the data here
check the data here
check the data here
check the data here
check the data here
check the data here
check the data here
check the data here
check the data here
check the data here
check the data here
check the data here
check the data here
check the data here
check the data here
check the data here
check the data here
check the data here
check the data here
check the data here
check the data here
Temperature 2: 76 valid walkers out of 100
check the data here
check the data here
check the data here
check the data here
check the data here
check the data here
check the data here
check the data here
check the data here
check the data here
check the data here
check the data here
check the data here
check the data here
check the data here
check the data here
check the data here
check the data here
check the data here
Temperature 3: 81 valid walkers out of 100
check the data here
check the data here
check the data here
check the data here
check the data here
check the data here
check the data here
check the data here
check the data here
check the data here
check the data here
check the data here
check the data here
check the data here
check the data here
check the data here
check the data here
check the data here
check the data here
Temperature 4: 81 valid walkers out of 100
check the data here
check the data here
check the data here
check the data here
check the data here
check the data here
check the data here
check the data here
check the data here
check the data here
check the data here
check the data here
check the data here
check the data here
check the data here
Temperature 5: 85 valid walkers out of 100
check the data here
check the data here
check the data here
check the data here
check the data here
check the data here
check the data here
check the data here
check the data here
check the data here
check the data here
check the data here
check the data here
check the data here
check the data here
check the data here
check the data here
check the data here
check the data here
check the data here
check the data here
check the data here
check the data here
Temperature 6: 77 valid walkers out of 100
check the data here
check the data here
check the data here
check the data here
check the data here
check the data here
check the data here
check the data here
check the data here
check the data here
check the data here
check the data here
check the data here
check the data here
check the data here
check the data here
check the data here
check the data here
check the data here
check the data here
check the data here
check the data here
check the data here
check the data here
check the data here
check the data here
check the data here
check the data here
check the data here
Temperature 7: 71 valid walkers out of 100
check the data here
check the data here
check the data herecheck the data here
check the data here
check the data here
check the data here
check the data here
ccheck the data here
check the data here
check the data here
check the data here
check the data here
check the data here
check the data here
check the data here
check the data here
check the data here
check the data here
check the data here
check the data here
check the data here
Temperature 8: 78 valid walkers out of 100
check the data here
check the data here
check the data here
check the data here
check the data here
check the data here
check the data here
check the data here
check the data here
check the data here
check the data here
check the data here
check the data here
check the data here
check the data here
Temperature 9: 85 valid walkers out of 100
/Users/jkeohane/GRBs/VegasJetFit/jetfit/models/powerlawVegas.py:692: RuntimeWarning: invalid value encountered in divide
  return np.log10(flux_upper / flux_lower) / np.log10(upper / lower)
check the data here
/Users/jkeohane/GRBs/VegasJetFit/jetfit/models/powerlawVegas.py:692: RuntimeWarning: invalid value encountered in divide
  return np.log10(flux_upper / flux_lower) / np.log10(upper / lower)
check the data here
/Users/jkeohane/GRBs/VegasJetFit/jetfit/models/powerlawVegas.py:692: RuntimeWarning: invalid value encountered in divide
  return np.log10(flux_upper / flux_lower) / np.log10(upper / lower)
check the data here
/Users/jkeohane/GRBs/VegasJetFit/jetfit/models/powerlawVegas.py:692: RuntimeWarning: invalid value encountered in divide
  return np.log10(flux_upper / flux_lower) / np.log10(upper / lower)
check the data here
/Users/jkeohane/GRBs/VegasJetFit/jetfit/models/powerlawVegas.py:692: RuntimeWarning: invalid value encountered in divide
  return np.log10(flux_upper / flux_lower) / np.log10(upper / lower)
check the data here
check the data here
/Users/jkeohane/GRBs/VegasJetFit/jetfit/models/powerlawVegas.py:692: RuntimeWarning: invalid value encountered in divide
  return np.log10(flux_upper / flux_lower) / np.log10(upper / lower)
check the data here
/Users/jkeohane/GRBs/VegasJetFit/jetfit/models/powerlawVegas.py:692: RuntimeWarning: invalid value encountered in divide
  return np.log10(flux_upper / flux_lower) / np.log10(upper / lower)
check the data here
check the data here
/Users/jkeohane/GRBs/VegasJetFit/jetfit/models/powerlawVegas.py:692: RuntimeWarning: invalid value encountered in divide
  return np.log10(flux_upper / flux_lower) / np.log10(upper / lower)
check the data here
check the data here
check the data here
check the data here
check the data here
check the data here
check the data here
check the data here
check the data here
check the data here
check the data here
check the data here
check the data here
check the data here
check the data here
check the data here
check the data here
check the data here
check the data here
check the data here
check the data here
check the data here
check the data here
check the data here
check the data here
check the data here
check the data here
check the data here
check the data here
check the data here
check the data here
check the data here
check the data here
check the data here
check the data here
check the data here
check the data here
check the data here
check the data here
check the data here
check the data here
check the data here
check the data here
check the data here
check the data here
check the data here
check the data here
check the data here
check the data here
check the data here
check the data here
check the data here
check the data here
check the data here
check the data here
check the data here
check the data here
check the data here
check the data here
check the data here
check the data here
check the data here
check the data here
check the data here
check the data here
check the data here
check the data here
check the data here
check the data here
check the data here
check the data here
check the data here
check the data here
check the data here
check the data here
check the data here
check the data here
check the data here
check the data here
check the data here
check the data here
check the data here
check the data here
check the data here
check the data here
check the data here
check the data here
check the data here
check the data here
check the data here
check the data here
check the data here
check the data here
check the data here
check the data here
check the data here
check the data here
check the data here
check the data here
check the data here
check the data here
check the data here
check the data here
check the data here
check the data here
check the data here
check the data here
check the data here
check the data here
check the data here
check the data here
check the data here
check the data here
check the data here
check the data here
check the data here
check the data here
check the data here
check the data here
check the data here
check the data here
check the data here
check the data here
check the data here
check the data here
check the data here
check the data here
check the data here
check the data here
check the data here
check the data here
check the data here
check the data here
check the data here
check the data here
check the data here
check the data here
check the data here
check the data here
check the data here
check the data here
check the data here
check the data here
check the data here
check the data here
check the data here
check the data here
check the data here
check the data here
check the data here
check the data here
check the data here
check the data here
check the data here
check the data here
check the data here
check the data here
check the data here
check the data here
check the data here
check the data here
check the data here
check the data here
check the data here
check the data here
check the data here
check the data here
check the data here
check the data here
check the data here
check the data here
check the data here
check the data here
check the data here
check the data here
check the data here
check the data here
check the data here
check the data here
check the data here
check the data here
check the data here
check the data here
check the data here
check the data here
DEBUG: MCMC run completed successfully!
/Users/jkeohane/GRBs/VegasJetFit/jetfit/results/221009A_bubble_preflight
real 8101.25
user 10055.91
sys 28.62
re
check the data here
check the data here
check the data here
check the data here
check the data here
check the data here
check the data here
check the data here
check the data here
check the data here
check the data here
check the data here
check the data here
check the data here
check the data here
check the data here
check the data here
check the data here
check the data here
check the data here
check the data here
check the data here
check the data here
check the data here
check the data here
check the data here
check the data here
check the data here
check the data here
check the data here
check the data here
check the data here
check the data here
check the data here
check the data here
check the data here
check the data here
check the data here
check the data here
check the data here
check the data here
check the data here
check the data here
check the data here
check the data here
check the data here
check the data here
check the data here
check the data here
check the data here
check the data here
check the data here
check the data here
check the data here
check the data here
check the data here
check the data here
check the data here
check the data here
check the data here
check the data here
check the data here
check the data here
check the data here
check the data here
check the data here
check the data here
check the data here
check the data here
check the data here
check the data here
check the data here
check the data here
check the data here
check the data here
check the data here
check the data here
check the data here
check the data here
check the data here
check the data here
check the data here
check the data here
check the data here
check the data here
check the data here
check the data here
check the data here
check the data here
check the data here
check the data here
check the data here
check the data here
check the data here
check the data here
check the data here
check the data here
check the data here
check the data here
check the data here
check the data here
check the data here
check the data here
check the data here
check the data here
check the data here
check the data here
check the data here
check the data here
check the data here
check the data here
check the data here
check the data here
check the data here
check the data here
check the data here
check the data here
check the data here
check the data here
check the data here
check the data here
check the data here
check the data here
check the data here
check the data here
check the data here
check the data here
check the data here
check the data here
check the data here
check the data here
check the data here
check the data here
check the data here
check the data here
check the data here
check the data here
check the data here
check the data here
check the data here
check the data here
check the data here
check the data here
check the data here
check the data here
check the data here
check the data here
check the data here
check the data here
check the data here
check the data here
check the data here
check the data here
check the data here
check the data here
check the data here
check the data here
check the data here
check the data here
check the data here
check the data here
check the data here
check the data here
check the data here
check the data here
check the data here
check the data here
check the data here
check the data here
check the data here
check the data here
check the data here
check the data here
check the data here
check the data here
check the data here
check the data here
check the data here
check the data here
check the data here
check the data here
check the data here
check the data here
check the data here
check the data here
check the data here
check the data here
check the data here
check the data here
check the data here
check the data here
check the data here
check the data here
check the data here
check the data here
check the data here
check the data here
check the data here
check the data here
check the data here
check the data here
check the data here
check the data here
check the data here
check the data here
check the data here
check the data here
check the data here
check the data here
check the data here
check the data here
check the data here
check the data here
check the data here
check the data here
check the data here
check the data here
check the data here
check the data here
check the data here
check the data here
check the data here
check the data here
check the data here
check the data here
check the data here
check the data here
check the data here
check the data here
check the data here
check the data here
check the data here
check the data here
check the data here
check the data here
check the data here
check the data here
check the data here
check the data here
check the data here
check the data here
check the data here
check the data here
check the data here
check the data here
check the data here
check the data here
check the data here
check the data here
check the data here
check the data here
check the data here
check the data here
check the data here
check the data here
check the data here
check the data here
check the data here
check the data here
check the data here
check the data here
check the data here
check the data here
check the data here
check the data here
check the data here
check the data here
check the data here
check the data here
check the data here
check the data here
check the data here
check the data here
check the data here
check the data here
check the data here
check the data here
check the data here
check the data here
check the data here
check the data here
check the data here
check the data here
check the data here
check the data here
check the data here
check the data here
check the data here
check the data here
check the data here
check the data here
check the data here
check the data here
check the data here
check the data here
check the data here
check the data here
check the data here
check the data here
check the data here
check the data here
check the data here
check the data here
check the data here
check the data here
check the data here
check the data here
check the data here
check the data here
check the data here
check the data here
check the data here
check the data here
check the data here
check the data here
check the data here
check the data here
check the data here
check the data here
check the data here
check the data here
check the data here
check the data here
check the data here
check the data here
check the data here
check the data here
check the data here
check the data here
check the data here
check the data here
check the data here
check the data here
check the data here
check the data here
check the data here
check the data here
check the data here
check the data here
check the data here
check the data here
check the data here
check the data here
check the data here
check the data here
check the data here
check the data here
check the data here
check the data here
check the data here
check the data here
check the data here
check the data here
check the data here
check the data here
check the data here
check the data here
check the data here
check the data here
check the data here
check the data here
check the data here
check the data here
check the data here
check the data here
check the data here
check the data here
check the data here
check the data here
check the data here
check the data here
check the data here
check the data here
check the data here
check the data here
check the data here
check the data here
check the data here
check the data here
check the data here
check the data here
check the data here
check the data here
check the data here
check the data here
check the data here
check the data here
check the data here
check the data here
check the data here
check the data here
check the data here
check the data here
check the data here
check the data here
check the data here
check the data here
check the data here
check the data here
check the data here
check the data here
check the data here
check the data here
check the data here
check the data here
check the data here
check the data here
check the data here
check the data here
check the data here
check the data here
check the data here
check the data here
check the data here
check the data here
check the data here
check the data here
check the data here
check the data here
check the data here
check the data here
check the data here
check the data here
check the data here
check the data here
check the data here
check the data here
check the data here
check the data here
check the data here
check the data here
check the data here
check the data here
check the data here
check the data here
check the data here
check the data here
check the data here
check the data here
check the data here
check the data here
check the data here
check the data here
check the data here
check the data here
check the data here
check the data here
check the data here
check the data here
check the data here
check the data here
check the data here
check the data here
check the data here
check the data here
check the data here
check the data here
check the data here
check the data here
check the data here
check the data here
check the data here
check the data here
check the data here
check the data here
check the data here
check the data here
check the data here
check the data here
check the data here
check the data here
check the data here
check the data here
check the data here
check the data here
check the data here
check the data here
check the data here
check the data here
check the data here
check the data here
check the data here
check the data here
check the data here
check the data here
check the data here
check the data here
check the data here
check the data here
check the data here
check the data here
check the data here
check the data here
check the data here
check the data here
check the data here
check the data here
check the data here
check the data here
check the data here
check the data here
check the data here
check the data here
check the data here
check the data here
check the data here
check the data here
check the data here
check the data here
check the data here
check the data here
check the data here
check the data here
check the data here
check the data here
check the data here
check the data here
check the data here
check the data here
check the data here
check the data here
check the data here
check the data here
check the data here
check the data here
check the data here
check the data here
check the data here
check the data here
check the data here
check the data here
check the data here
check the data here
check the data here
check the data here
check the data here
check the data here
check the data here
check the data here
check the data here
check the data here
check the data here
check the data here
check the data here
check the data here
check the data here
check the data here
check the data here
check the data here
check the data here
check the data here
check the data here
check the data here
check the data here
check the data here
check the data here
check the data here
check the data here
check the data here
check the data here
check the data here
check the data here
check the data here
check the data here
check the data here
check the data here
check the data here
check the data here
check the data here
check the data here
check the data here
check the data here
check the data here
check the data here
check the data here
check the data here
check the data here
check the data here
check the data here
check the data here
check the data here
check the data here
check the data here
check the data here
check the data here
check the data here
check the data here
check the data here
check the data here
check the data here
check the data here
check the data here
check the data here
check the data here
check the data here
check the data here
check the data here
check the data here
check the data here
check the data here
check the data here
check the data here
check the data here
check the data here
check the data here
check the data here
check the data here
check the data here
check the data here
check the data here
check the data here
check the data here
check the data here
check the data here
check the data here
check the data here
check the data here
check the data here
check the data here
check the data here
check the data here
check the data here
check the data here
check the data here
check the data here
check the data here
check the data here
check the data here
check the data here
check the data here
check the data here
check the data here
check the data here
check the data here
check the data here
check the data here
check the data here
check the data here
check the data here
check the data here
check the data here
check the data here
check the data here
check the data here
check the data here
check the data here
check the data here
check the data here
check the data here
check the data here
check the data here
check the data here
check the data here
check the data here
check the data here
check the data here
check the data here
check the data here
check the data here
check the data here
check the data here
check the data here
check the data here
check the data here
check the data here
check the data here
check the data here
check the data here
check the data here
check the data here
check the data here
check the data here
check the data here
check the data here
check the data here
check the data here
check the data here
check the data here
check the data here
check the data here
check the data here
check the data here
check the data here
check the data here
check the data here
check the data here
check the data here
check the data here
check the data here
check the data here
check the data here
check the data here
check the data here
check the data here
check the data here
check the data here
check the data here
check the data here
check the data here
check the data here
check the data here
check the data here
check the data here
check the data here
check the data here
check the data here
check the data here
check the data here
check the data here
check the data here
check the data here
check the data here
check the data here
check the data here
check the data here
check the data here
check the data here
check the data here
check the data here
check the data here
check the data here
check the data here
check the data here
check the data here
check the data here
check the data here
check the data here
check the data here
check the data here
check the data here
check the data here
check the data here
check the data here
check the data here
check the data here
check the data here
check the data here
check the data here
check the data here
check the data here
check the data here
check the data here
check the data here
check the data here
check the data here
check the data here
check the data here
check the data here
check the data here
check the data here
check the data here
check the data here
check the data here
check the data here
check the data here
check the data here
check the data here
check the data here
check the data here
check the data here
check the data here
check the data here
check the data here
check the data here
check the data here
check the data here
check the data here
check the data here
check the data here
check the data here
check the data here
check the data here
check the data here
check the data here
check the data here
check the data here
check the data here
check the data here
check the data here
check the data here
check the data here
check the data here
check the data here
check the data here
check the data here
check the data here
check the data here
check the data here
check the data here
check the data here
check the data here
check the data here
check the data here
check the data here
check the data here
check the data here
check the data here
check the data here
check the data here
check the data here
check the data here
check the data here
check the data here
check the data here
check the data here
check the data here
check the data here
check the data here
check the data here
check the data here
check the data here
check the data here
check the data here
check the data here
check the data here
check the data here
check the data here
check the data here
check the data here
check the data here
check the data here
check the data here
check the data here
check the data here
check the data here
check the data here
check the data here
check the data here
check the data here
check the data here
check the data here
check the data here
check the data here
check the data here
check the data here
check the data here
check the data here
check the data here
check the data here
check the data here
check the data here
check the data here
check the data here
check the data here
check the data here
check the data here
check the data here
check the data here
check the data here
check the data here
check the data here
check the data here
check the data here
check the data here
check the data here
check the data here
check the data here
check the data here
check the data here
check the data here
check the data here
check the data here
check the data here
check the data here
check the data here
check the data here
check the data here
check the data here
check the data here
check the data here
check the data here
check the data here
check the data here
check the data here
check the data here
check the data here
check the data here
check the data here
check the data here
check the data here
check the data here
check the data here
check the data here
check the data here
check the data here
check the data here
check the data here
check the data here
check the data here
check the data here
check the data here
check the data here
check the data here
check the data here
check the data here
check the data here
check the data here
check the data here
check the data here
check the data here
check the data here
check the data here
check the data here
check the data here
check the data here
check the data here
check the data here
check the data here
check the data here
check the data here
check the data here
check the data here
check the data here
check the data here
check the data here
check the data here
check the data here
check the data here
check the data here
check the data here
check the data here
check the data here
check the data here
check the data here
check the data here
check the data here
check the data here
check the data here
check the data here
check the data here
check the data here
check the data here
check the data here
check the data here
check the data here
check the data here
check the data here
check the data here
check the data here
check the data here
check the data here
check the data here
check the data here
check the data here
check the data here
check the data here
check the data here
check the data here
check the data here
check the data here
check the data here
check the data here
check the data here
check the data here
check the data here
check the data here
check the data here
check the data here
check the data here
check the data here
check the data here
check the data here
check the data here
check the data here
check the data here
check the data here
check the data here
check the data here
check the data here
check the data here
check the data here
check the data here
check the data here
check the data here
check the data here
check the data here
check the data here
check the data here
check the data here
check the data here
check the data here
check the data here
check the data here
check the data here
check the data here
check the data here
check the data here
check the data here
check the data here
check the data here
check the data here
check the data here
check the data here
check the data here
check the data here
check the data here
check the data here
check the data here
check the data here
check the data here
check the data here
check the data here
check the data here
check the data here
check the data here
check the data here
check the data here
check the data here
check the data here
check the data here
check the data here
check the data here
check the data here
check the data here
check the data here
check the data here
check the data here
check the data here
check the data here
check the data here
check the data here
check the data here
check the data here
check the data here
check the data here
check the data here
check the data here
check the data here
check the data here
check the data here
check the data here
check the data here
check the data here
check the data here
check the data here
check the data here
check the data here
check the data here
check the data here
check the data here
check the data here
check the data here
check the data here
check the data here
check the data here
check the data here
check the data here
check the data here
check the data here
check the data here
check the data here
check the data here
check the data here
check the data here
check the data here
check the data here
check the data here
check the data here
check the data here
check the data here
check the data here
check the data here
check the data here
check the data here
check the data here
check the data here
check the data here
check the data here
check the data here
check the data here
check the data here
check the data here
check the data here
check the data here
check the data here
check the data here
check the data here
check the data here
check the data here
check the data here
check the data here
check the data here
check the data here
check the data here
check the data here
check the data here
check the data here
check the data here
check the data here
check the data here
check the data here
check the data here
check the data here
check the data here
check the data here
check the data here
check the data here
check the data here
check the data here
check the data here
check the data here
check the data here
check the data here
check the data here
check the data here
check the data here
check the data here
check the data here
check the data here
check the data here
check the data here
check the data here
check the data here
check the data here
check the data here
check the data here
check the data here
check the data here
check the data here
check the data here
check the data here
check the data here
check the data here
check the data here
check the data here
check the data here
check the data here
check the data here
check the data here
check the data here
check the data here
check the data here
check the data here
check the data here
check the data here
check the data here
check the data here
check the data here
check the data here
check the data here
check the data here
check the data here
check the data here
check the data here
check the data here
check the data here
check the data here
check the data here
check the data here
check the data here
check the data here
check the data here
check the data here
check the data here
check the data here
check the data here
check the data here
check the data here
check the data here
check the data here
check the data here
check the data here
check the data here
check the data here
check the data here
check the data here
check the data here
check the data here
check the data here
check the data here
check the data here
check the data here
check the data here
check the data here
check the data here
check the data here
check the data here
check the data here
check the data here
check the data here
check the data here
check the data here
check the data here
check the data here
check the data here
check the data here
check the data here
check the data here
check the data here
check the data here
check the data here
check the data here
check the data here
check the data here
check the data here
check the data here
check the data here
check the data here
check the data here
check the data here
check the data here
check the data here
check the data here
check the data here
check the data here
check the data here
check the data here
check the data here
check the data here
check the data here
check the data here
check the data here
check the data here
check the data here
check the data here
check the data here
check the data here
check the data here
check the data here
check the data here
check the data here
check the data here
check the data here
check the data here
check the data here
check the data here
check the data here
check the data here
check the data here
check the data here
check the data here
check the data here
check the data here
check the data here
check the data here
check the data here
check the data here
check the data here
check the data here
check the data here
check the data here
check the data here
check the data here
check the data here
check the data here
check the data here
check the data here
check the data here
check the data here
check the data here
check the data here
check the data here
check the data here
check the data here
check the data here
check the data here
check the data here
check the data here
check the data here
check the data here
check the data here
check the data here
check the data here
check the data here
check the data here
check the data here
check the data here
check the data here
check the data here
check the data here
check the data here
check the data here
check the data here
check the data here
check the data here
check the data here
check the data here
check the data here
check the data here
check the data here
check the data here
check the data here
check the data here
check the data here
check the data here
check the data here
check the data here
check the data here
check the data here
check the data here
check the data here
check the data here
check the data here
check the data here
check the data here
check the data here
check the data here
check the data here
check the data here
check the data here
check the data here
check the data here
check the data here
check the data here
check the data here
check the data here
check the data here
check the data here
check the data here
check the data here
check the data here
check the data here
check the data here
check the data here
check the data here
check the data here
check the data here
check the data here
check the data here
check the data here
check the data here
check the data here
check the data here
check the data here
check the data here
check the data here
check the data here
check the data here
check the data here
check the data here
check the data here
check the data here
check the data here
check the data here
check the data here
check the data here
check the data here
check the data here
check the data here
check the data here
check the data here
check the data here
check the data here
check the data here
check the data here
check the data here
check the data here
check the data here
check the data here
check the data here
check the data here
check the data here
check the data here
check the data here
check the data here
check the data here
check the data here
check the data here
check the data here
check the data here
check the data here
check the data here
check the data here
check the data here
check the data here
check the data here
check the data here
check the data here
check the data here
check the data here
check the data here
check the data here
check the data here
check the data here
check the data here
check the data here
check the data here
check the data here
check the data here
check the data here
check the data here
check the data here
check the data here
check the data here
check the data here
check the data here
check the data here
check the data here
check the data here
check the data here
check the data here
check the data here
check the data here
check the data here
check the data here
check the data here
check the data here
check the data here
check the data here
check the data here
check the data here
check the data here
check the data here
check the data here
check the data here
check the data here
check the data here
check the data here
check the data here
check the data here
check the data here
check the data here
check the data here
check the data here
check the data here
check the data here
check the data here
check the data here
check the data here
check the data here
check the data here
check the data here
check the data here
check the data here
check the data here
check the data here
check the data here
check the data here
check the data here
check the data here
check the data here
check the data here
check the data here
check the data here
check the data here
check the data here
check the data here
check the data here
check the data here
check the data here
check the data here
check the data here
check the data here
check the data here
check the data here
check the data here
check the data here
check the data here
check the data here
check the data here
check the data here
check the data here
check the data here
check the data here
check the data here
check the data here
check the data here
check the data here
check the data here
check the data here
check the data here
check the data here
check the data here
check the data here
DEBUG: MCMC run completed successfully!
/Users/jkeohane/GRBs/VegasJetFit/jetfit/results/221009A_bubble_preflight
real 9983.67
user 42207.66
sys 144.15
