/Users/jkeohane/.matplotlib is not a writable directory
Matplotlib created a temporary cache directory at /var/folders/ps/wbzqc8sd65v555xjppy93b500000gp/T/matplotlib-7ci6865d because there was an issue with the default path (/Users/jkeohane/.matplotlib); it is highly recommended to set the MPLCONFIGDIR environment variable to a writable directory, in particular to speed up the import of Matplotlib and to better support multiprocessing.

Fontconfig error: No writable cache directories
	/opt/homebrew/var/cache/fontconfig
	/Users/jkeohane/.cache/fontconfig
	/Users/jkeohane/.fontconfig

Fontconfig error: No writable cache directories
	/opt/homebrew/var/cache/fontconfig
	/Users/jkeohane/.cache/fontconfig
	/Users/jkeohane/.fontconfig

Fontconfig error: No writable cache directories
	/opt/homebrew/var/cache/fontconfig
	/Users/jkeohane/.cache/fontconfig
	/Users/jkeohane/.fontconfig

Fontconfig error: No writable cache directories
	/opt/homebrew/var/cache/fontconfig
	/Users/jkeohane/.cache/fontconfig
	/Users/jkeohane/.fontconfig
Matplotlib is building the font cache; this may take a moment.
Multiprocessing start method: fork
DEBUG: Multiprocessing method: fork
DEBUG: Number of CPUs: 10
DEBUG: Creating Ampy object...
  obs_path: /Users/jkeohane/GRBs/VegasJetFit/jetfit/resources/grbs/221009A/221009Aclean.csv
  params_path: /Users/jkeohane/GRBs/VegasJetFit/Ansh_Run/parameters_powerlaw.toml
DEBUG: Ampy object created successfully!
DEBUG: Preparing MCMC run...
DEBUG: Sampler: parallel_tempered
DEBUG: Starting MCMC run...
  nwalkers: 40
  iterations: 1
  burn: 0
  workers: 1
  checkpoint: /Users/jkeohane/GRBs/VegasJetFit/jetfit/results/221009A_density_smoke3/pt_resume_state.npz
  checkpoint interval: 1
Temperature 0: 40 valid walkers out of 40
Temperature 1: 40 valid walkers out of 40
[vegasafterglow][WARN] eps_e + eps_b >= 1 (1.4771126028523938) -> invalid (energy fractions)
check the data here
Temperature 2: 39 valid walkers out of 40
DEBUG: MCMC run completed successfully!
/Users/jkeohane/GRBs/.venv/lib/python3.13/site-packages/arviz/__init__.py:39: FutureWarning: 
ArviZ is undergoing a major refactor to improve flexibility and extensibility while maintaining a user-friendly interface.
Some upcoming changes may be backward incompatible.
For details and migration guidance, visit: https://python.arviz.org/en/latest/user_guide/migration_guide.html
  warn(
Traceback (most recent call last):
  File "<frozen runpy>", line 198, in _run_module_as_main
  File "<frozen runpy>", line 88, in _run_code
  File "/Users/jkeohane/GRBs/VegasJetFit/jetfit/run.py", line 295, in <module>
    main(
    ~~~~^
        **{
        ^^^
    ...<29 lines>...
        }
        ^
    )
    ^
  File "/Users/jkeohane/GRBs/VegasJetFit/jetfit/run.py", line 271, in main
    plot_results(ampy, results_dir, event)
    ~~~~~~~~~~~~^^^^^^^^^^^^^^^^^^^^^^^^^^
  File "/Users/jkeohane/GRBs/VegasJetFit/jetfit/run.py", line 135, in plot_results
    from scripts.plot import diagnose
  File "/Users/jkeohane/GRBs/VegasJetFit/scripts/plot/diagnose.py", line 7, in <module>
    import corner
  File "/Users/jkeohane/GRBs/.venv/lib/python3.13/site-packages/corner/__init__.py", line 6, in <module>
    from corner.corner import corner
  File "/Users/jkeohane/GRBs/.venv/lib/python3.13/site-packages/corner/corner.py", line 12, in <module>
    from corner.arviz_corner import arviz_corner
  File "/Users/jkeohane/GRBs/.venv/lib/python3.13/site-packages/corner/arviz_corner.py", line 9, in <module>
    from arviz.data import convert_to_dataset
  File "/Users/jkeohane/GRBs/.venv/lib/python3.13/site-packages/arviz/__init__.py", line 51, in <module>
    _warn_once_per_day()
    ~~~~~~~~~~~~~~~~~~^^
  File "/Users/jkeohane/GRBs/.venv/lib/python3.13/site-packages/arviz/__init__.py", line 48, in _warn_once_per_day
    stamp_file.write_text(today.isoformat())
    ~~~~~~~~~~~~~~~~~~~~~^^^^^^^^^^^^^^^^^^^
  File "/opt/homebrew/Cellar/python@3.13/3.13.9_1/Frameworks/Python.framework/Versions/3.13/lib/python3.13/pathlib/_local.py", line 555, in write_text
    return PathBase.write_text(self, data, encoding, errors, newline)
           ~~~~~~~~~~~~~~~~~~~^^^^^^^^^^^^^^^^^^^^^^^^^^^^^^^^^^^^^^^
  File "/opt/homebrew/Cellar/python@3.13/3.13.9_1/Frameworks/Python.framework/Versions/3.13/lib/python3.13/pathlib/_abc.py", line 651, in write_text
    with self.open(mode='w', encoding=encoding, errors=errors, newline=newline) as f:
         ~~~~~~~~~^^^^^^^^^^^^^^^^^^^^^^^^^^^^^^^^^^^^^^^^^^^^^^^^^^^^^^^^^^^^^
  File "/opt/homebrew/Cellar/python@3.13/3.13.9_1/Frameworks/Python.framework/Versions/3.13/lib/python3.13/pathlib/_local.py", line 537, in open
    return io.open(self, mode, buffering, encoding, errors, newline)
           ~~~~~~~^^^^^^^^^^^^^^^^^^^^^^^^^^^^^^^^^^^^^^^^^^^^^^^^^^
PermissionError: [Errno 1] Operation not permitted: '/Users/jkeohane/arviz_data/daily_warning'
