/Users/jkeohane/GRBs/.venv/lib/python3.13/site-packages/arviz/__init__.py:39: FutureWarning: 
ArviZ is undergoing a major refactor to improve flexibility and extensibility while maintaining a user-friendly interface.
Some upcoming changes may be backward incompatible.
For details and migration guidance, visit: https://python.arviz.org/en/latest/user_guide/migration_guide.html
  warn(
Traceback (most recent call last):
  File "/Users/jkeohane/GRBs/VegasJetFit/jetfit/run.py", line 225, in main
    ampy.run_mcmc(
    ~~~~~~~~~~~~~^
        nwalkers=mcmc_params.num_walkers,
        ^^^^^^^^^^^^^^^^^^^^^^^^^^^^^^^^^
    ...<6 lines>...
        sampler_kw=sampler_kw,
        ^^^^^^^^^^^^^^^^^^^^^^
    )
    ^
  File "/Users/jkeohane/GRBs/VegasJetFit/jetfit/ampy.py", line 138, in run_mcmc
    self.mcmc.run(
    ~~~~~~~~~~~~~^
        nwalkers, iterations, burn, sampler,
        ^^^^^^^^^^^^^^^^^^^^^^^^^^^^^^^^^^^^
        workers, ntemps, sampler_kw, run_kw,
        ^^^^^^^^^^^^^^^^^^^^^^^^^^^^^^^^^^^^
        resume
        ^^^^^^
    )
    ^
  File "/Users/jkeohane/GRBs/VegasJetFit/jetfit/mcmc/mcmc.py", line 670, in run
    self.set_sampler(
    ~~~~~~~~~~~~~~~~^
        sampler, nwalkers, pool, ntemps, **(sampler_kw or {})
        ^^^^^^^^^^^^^^^^^^^^^^^^^^^^^^^^^^^^^^^^^^^^^^^^^^^^^
    )
    ^
  File "/Users/jkeohane/GRBs/VegasJetFit/jetfit/mcmc/mcmc.py", line 600, in set_sampler
    self.sampler = PTSampler(
                   ~~~~~~~~~^
        ntemps, nwalkers, self.ndim, log_likelihood_fn, log_prior_fn,
        ^^^^^^^^^^^^^^^^^^^^^^^^^^^^^^^^^^^^^^^^^^^^^^^^^^^^^^^^^^^^^
        log_l_args=(self.params, self.models), log_p_args=(self.params,),
        ^^^^^^^^^^^^^^^^^^^^^^^^^^^^^^^^^^^^^^^^^^^^^^^^^^^^^^^^^^^^^^^^^
        pool=pool, **kwargs
        ^^^^^^^^^^^^^^^^^^^
    )
    ^
  File "/Users/jkeohane/GRBs/VegasJetFit/jetfit/mcmc/mcmc.py", line 171, in __init__
    ptemcee.make_ladder(ndim, ntemps), mapper=mapper, **kwargs
    ^^^^^^^^^^^^^^^^^^^
AttributeError: module 'ptemcee' has no attribute 'make_ladder'
Traceback (most recent call last):
  File "<frozen runpy>", line 198, in _run_module_as_main
  File "<frozen runpy>", line 88, in _run_code
  File "/Users/jkeohane/GRBs/VegasJetFit/jetfit/run.py", line 269, in <module>
    main(
    ~~~~^
        **{
        ^^^
    ...<28 lines>...
        }
        ^
    )
    ^
  File "/Users/jkeohane/GRBs/VegasJetFit/jetfit/run.py", line 225, in main
    ampy.run_mcmc(
    ~~~~~~~~~~~~~^
        nwalkers=mcmc_params.num_walkers,
        ^^^^^^^^^^^^^^^^^^^^^^^^^^^^^^^^^
    ...<6 lines>...
        sampler_kw=sampler_kw,
        ^^^^^^^^^^^^^^^^^^^^^^
    )
    ^
  File "/Users/jkeohane/GRBs/VegasJetFit/jetfit/ampy.py", line 138, in run_mcmc
    self.mcmc.run(
    ~~~~~~~~~~~~~^
        nwalkers, iterations, burn, sampler,
        ^^^^^^^^^^^^^^^^^^^^^^^^^^^^^^^^^^^^
        workers, ntemps, sampler_kw, run_kw,
        ^^^^^^^^^^^^^^^^^^^^^^^^^^^^^^^^^^^^
        resume
        ^^^^^^
    )
    ^
  File "/Users/jkeohane/GRBs/VegasJetFit/jetfit/mcmc/mcmc.py", line 670, in run
    self.set_sampler(
    ~~~~~~~~~~~~~~~~^
        sampler, nwalkers, pool, ntemps, **(sampler_kw or {})
        ^^^^^^^^^^^^^^^^^^^^^^^^^^^^^^^^^^^^^^^^^^^^^^^^^^^^^
    )
    ^
  File "/Users/jkeohane/GRBs/VegasJetFit/jetfit/mcmc/mcmc.py", line 600, in set_sampler
    self.sampler = PTSampler(
                   ~~~~~~~~~^
        ntemps, nwalkers, self.ndim, log_likelihood_fn, log_prior_fn,
        ^^^^^^^^^^^^^^^^^^^^^^^^^^^^^^^^^^^^^^^^^^^^^^^^^^^^^^^^^^^^^
        log_l_args=(self.params, self.models), log_p_args=(self.params,),
        ^^^^^^^^^^^^^^^^^^^^^^^^^^^^^^^^^^^^^^^^^^^^^^^^^^^^^^^^^^^^^^^^^
        pool=pool, **kwargs
        ^^^^^^^^^^^^^^^^^^^
    )
    ^
  File "/Users/jkeohane/GRBs/VegasJetFit/jetfit/mcmc/mcmc.py", line 171, in __init__
    ptemcee.make_ladder(ndim, ntemps), mapper=mapper, **kwargs
    ^^^^^^^^^^^^^^^^^^^
AttributeError: module 'ptemcee' has no attribute 'make_ladder'
Multiprocessing start method: fork
DEBUG: Multiprocessing method: fork
DEBUG: Number of CPUs: 10
DEBUG: Creating Ampy object...
  obs_path: /Users/jkeohane/GRBs/VegasJetFit/jetfit/resources/grbs/221009A/221009Aclean.csv
  params_path: /Users/jkeohane/GRBs/VegasJetFit/Ansh_Run/parameters.toml
DEBUG: Ampy object created successfully!
DEBUG: Preparing MCMC run...
DEBUG: Sampler: parallel_tempered
DEBUG: Starting MCMC run...
  nwalkers: 100
  iterations: 1500
  burn: 1500
  workers: 8
DEBUG: MCMC run FAILED with error:
  AttributeError: module 'ptemcee' has no attribute 'make_ladder'
real 11.35
user 10.92
sys 0.24
