Multiprocessing start method: fork
DEBUG: Multiprocessing method: fork
DEBUG: Number of CPUs: 10
DEBUG: Creating Ampy object...
  obs_path: /Users/jkeohane/GRBs/VegasJetFit/jetfit/resources/grbs/221009A/221009Aclean.csv
  params_path: /Users/jkeohane/GRBs/VegasJetFit/Ansh_Run/parameters.toml
DEBUG: Ampy object created successfully!
DEBUG: Preparing MCMC run...
DEBUG: Sampler: parallel_tempered
DEBUG: Starting MCMC run...
  nwalkers: 100
  iterations: 1
  burn: 0
  workers: 2
[get_pool_context] Failed to create process pool (PermissionError: [Errno 1] Operation not permitted). Falling back to serial.
check the data here
check the data here
check the data here
check the data here
check the data here
check the data here
check the data here
check the data here
check the data here
check the data here
check the data here
check the data here
check the data here
check the data here
check the data here
check the data here
check the data here
check the data here
check the data here
check the data here
check the data here
check the data here
check the data here
check the data here
check the data here
check the data here
check the data here
check the data here
Temperature 0: 72 valid walkers out of 100
check the data here
check the data here
check the data here
check the data here
check the data here
check the data here
check the data here
check the data here
check the data here
check the data here
check the data here
check the data here
check the data here
check the data here
check the data here
check the data here
check the data here
Temperature 1: 83 valid walkers out of 100
check the data here
check the data here
check the data here
check the data here
check the data here
check the data here
check the data here
check the data here
check the data here
check the data here
check the data here
check the data here
check the data here
check the data here
check the data here
check the data here
check the data here
check the data here
check the data here
check the data here
check the data here
check the data here
check the data here
Temperature 2: 77 valid walkers out of 100
check the data here
check the data here
check the data here
check the data here
check the data here
check the data here
check the data here
check the data here
check the data here
check the data here
check the data here
check the data here
check the data here
check the data here
check the data here
check the data here
check the data here
Temperature 3: 83 valid walkers out of 100
check the data here
check the data here
check the data here
check the data here
check the data here
check the data here
check the data here
check the data here
check the data here
check the data here
check the data here
check the data here
check the data here
check the data here
check the data here
check the data here
check the data here
check the data here
check the data here
check the data here
check the data here
check the data here
Temperature 4: 78 valid walkers out of 100
check the data here
check the data here
check the data here
check the data here
check the data here
check the data here
check the data here
check the data here
check the data here
check the data here
check the data here
check the data here
check the data here
check the data here
check the data here
check the data here
check the data here
check the data here
check the data here
check the data here
check the data here
Temperature 5: 79 valid walkers out of 100
check the data here
check the data here
check the data here
check the data here
check the data here
check the data here
check the data here
check the data here
check the data here
check the data here
check the data here
check the data here
check the data here
check the data here
check the data here
check the data here
check the data here
check the data here
check the data here
check the data here
check the data here
Temperature 6: 79 valid walkers out of 100
check the data here
check the data here
check the data here
check the data here
check the data here
check the data here
check the data here
check the data here
check the data here
check the data here
check the data here
check the data here
check the data here
check the data here
check the data here
check the data here
check the data here
check the data here
check the data here
check the data here
check the data here
Temperature 7: 79 valid walkers out of 100
check the data here
check the data here
check the data here
check the data here
check the data here
check the data here
check the data here
check the data here
check the data here
check the data here
check the data here
check the data here
check the data here
check the data here
check the data here
check the data here
check the data here
check the data here
check the data here
Temperature 8: 81 valid walkers out of 100
check the data here
check the data here
check the data here
check the data here
check the data here
check the data here
check the data here
check the data here
check the data here
check the data here
check the data here
check the data here
check the data here
check the data here
check the data here
check the data here
check the data here
check the data here
check the data here
check the data here
check the data here
check the data here
Temperature 9: 78 valid walkers out of 100
check the data here
check the data here
check the data here
check the data here
check the data here
check the data here
check the data here
check the data here
check the data here
check the data here
DEBUG: MCMC run completed successfully!
/Users/jkeohane/GRBs/VegasJetFit/jetfit/results/221009A_preflight
real 15.17
user 14.74
sys 0.35
